User generated with ID: 54

In ExceptionConverter.php line 49:
                          
  An exception occurred   
  while executing a quer  
  y: SQLSTATE[23000]: In  
  tegrity constraint vio  
  lation: 1062 Duplicate  
   entry '54' for key 'u  
  ser_id'                 
                          

In Exception.php line 24:
                          
  SQLSTATE[23000]: Integ  
  rity constraint violat  
  ion: 1062 Duplicate en  
  try '54' for key 'user  
  _id'                    
                          

In Statement.php line 55:
                          
  SQLSTATE[23000]: Integ  
  rity constraint violat  
  ion: 1062 Duplicate en  
  try '54' for key 'user  
  _id'                    
                          

app:test-user-insert

